TESTING DATES!!

[1999]
[1999]
[1999]
[1999]
[**DATE**]
hello random words
[**DATE**]
[1999]
[1999]
[2013]
[1994]
[2015]
[**DATE**]
born: [**DATE**]
[2002]
[1943]
[2018]
2017
'88
[2014]