Please send the following information to [**First Name**] [**Last Name**] at [**E-mail Address**] or at [**E-mail Address**]

Name: [**First Name**] [**Last Name**] ([**Social Security Number**])
Address: [**Street Address**]

Thank you!