Name: [**First Name**] [**First Name**] [**Male First Name**]-[**Last Name**] [**Last Name**] [**First Name**] [**Last Name**] III
Address: [**Street Address**], [**Location**], [**Location**], [**Location**]
Date of Birth: [1856] A.D.
Date of Death: [1975] A.D.
Home Telephone Number: [**ID Number**]
Mobile Telephone Number: [**Telephone/Fax**]
Fax Number: [**Telephone/Fax**]
E-mail Address: [**E-mail Address**]
Social Security Number: [**Social Security Number**]
[**Medical Record Number**]
Account Number: [**ID Number**]
Health Insurance Beneficiary Number: [**ID Number**]
Certificate Number: [**ID Number**]
License Number: [**ID Number**]
License Plate Number (Motorcar): [**ID Number**]
License Plate Number (Carriage): [**ID Number**]
IP Address: [**IP Address**]