[**First Name**] [**Last Name**]
[1998]
Doctor [**First Name**] [**Last Name**]
[**Telephone/Fax**]
Looks like a rubber duck
[**URL**]
The job of staffing the government is the first, and in many ways defining, challenge faced by every president. As the size of the government has grown to accommodate the nation’s economy, frequent military 
[**Medical Record Number**]
[**Street Address**] [**Location**] [**State/Zipcode**]
[**E-mail Address**]
[**IP Address**]
First doctors [**Name**] on [1994]